// Jest Snapshot v1, https://goo.gl/fbAQLP

exports[`PollForm won't match the snapshot when the user  types in the questions 1`] = `
Object {
  "asFragment": [Function],
  "baseElement": <body>
    <div>
      <form
        class="bg-white border shadow-md rounded px-8 pt-8 pb-8 mb-4 mt-8 text-left"
      >
        <p
          class="subtitle mb-4 font-bold"
        >
          Would You Rather...?
        </p>
        <div
          class="mb-4"
        >
          <label
            class="block text-sm font-bold mb-2"
            for="optionOne"
          >
            First Option
          </label>
          <input
            class="shadow appearance-none border rounded w-full py-2 px-3 leading-tight focus:outline-none focus:shadow-outline"
            data-testid="optionOne"
            id="optionOne"
            name="optionOne"
            placeholder="Write here your first option"
            type="text"
            value="Learning Jest"
          />
        </div>
        <div
          class="mb-6"
        >
          <label
            class="block text-sm font-bold mb-2"
            for="optionTwo"
          >
            Second Option
          </label>
          <input
            class="shadow appearance-none border rounded w-full py-2 px-3 mb-3 leading-tight focus:outline-none focus:shadow-outline"
            data-testid="optionTwo"
            id="optionTwo"
            name="optionTwo"
            placeholder="Write here your second option"
            type="text"
            value="Learning Mocha"
          />
        </div>
        <div
          class="flex items-center justify-center"
        >
          <button
            class="btn-accent"
            type="submit"
          >
            Submit
          </button>
        </div>
      </form>
    </div>
  </body>,
  "container": <div>
    <form
      class="bg-white border shadow-md rounded px-8 pt-8 pb-8 mb-4 mt-8 text-left"
    >
      <p
        class="subtitle mb-4 font-bold"
      >
        Would You Rather...?
      </p>
      <div
        class="mb-4"
      >
        <label
          class="block text-sm font-bold mb-2"
          for="optionOne"
        >
          First Option
        </label>
        <input
          class="shadow appearance-none border rounded w-full py-2 px-3 leading-tight focus:outline-none focus:shadow-outline"
          data-testid="optionOne"
          id="optionOne"
          name="optionOne"
          placeholder="Write here your first option"
          type="text"
          value="Learning Jest"
        />
      </div>
      <div
        class="mb-6"
      >
        <label
          class="block text-sm font-bold mb-2"
          for="optionTwo"
        >
          Second Option
        </label>
        <input
          class="shadow appearance-none border rounded w-full py-2 px-3 mb-3 leading-tight focus:outline-none focus:shadow-outline"
          data-testid="optionTwo"
          id="optionTwo"
          name="optionTwo"
          placeholder="Write here your second option"
          type="text"
          value="Learning Mocha"
        />
      </div>
      <div
        class="flex items-center justify-center"
      >
        <button
          class="btn-accent"
          type="submit"
        >
          Submit
        </button>
      </div>
    </form>
  </div>,
  "debug": [Function],
  "findAllByAltText": [Function],
  "findAllByDisplayValue": [Function],
  "findAllByLabelText": [Function],
  "findAllByPlaceholderText": [Function],
  "findAllByRole": [Function],
  "findAllByTestId": [Function],
  "findAllByText": [Function],
  "findAllByTitle": [Function],
  "findByAltText": [Function],
  "findByDisplayValue": [Function],
  "findByLabelText": [Function],
  "findByPlaceholderText": [Function],
  "findByRole": [Function],
  "findByTestId": [Function],
  "findByText": [Function],
  "findByTitle": [Function],
  "getAllByAltText": [Function],
  "getAllByDisplayValue": [Function],
  "getAllByLabelText": [Function],
  "getAllByPlaceholderText": [Function],
  "getAllByRole": [Function],
  "getAllByTestId": [Function],
  "getAllByText": [Function],
  "getAllByTitle": [Function],
  "getByAltText": [Function],
  "getByDisplayValue": [Function],
  "getByLabelText": [Function],
  "getByPlaceholderText": [Function],
  "getByRole": [Function],
  "getByTestId": [Function],
  "getByText": [Function],
  "getByTitle": [Function],
  "queryAllByAltText": [Function],
  "queryAllByDisplayValue": [Function],
  "queryAllByLabelText": [Function],
  "queryAllByPlaceholderText": [Function],
  "queryAllByRole": [Function],
  "queryAllByTestId": [Function],
  "queryAllByText": [Function],
  "queryAllByTitle": [Function],
  "queryByAltText": [Function],
  "queryByDisplayValue": [Function],
  "queryByLabelText": [Function],
  "queryByPlaceholderText": [Function],
  "queryByRole": [Function],
  "queryByTestId": [Function],
  "queryByText": [Function],
  "queryByTitle": [Function],
  "rerender": [Function],
  "unmount": [Function],
}
`;
